Copyright 1986-2022 Xilinx, Inc. All Rights Reserved.
----------------------------------------------------------------------------------------------------------------------------------------------------------------
| Tool Version     : Vivado v.2022.2 (lin64) Build 3671981 Fri Oct 14 04:59:54 MDT 2022
| Date             : Wed Oct 26 13:59:17 2022
| Host             : Vernamlab-Dev running 64-bit Ubuntu 22.04.1 LTS
| Command          : report_power -file ringoscillator_power_routed.rpt -pb ringoscillator_power_summary_routed.pb -rpx ringoscillator_power_routed.rpx
| Design           : ringoscillator
| Device           : xc7k325tffg900-2
| Design State     : routed
| Grade            : commercial
| Process          : typical
| Characterization : Production
----------------------------------------------------------------------------------------------------------------------------------------------------------------

Power Report

Table of Contents
-----------------
1. Summary
1.1 On-Chip Components
1.2 Power Supply Summary
1.3 Confidence Level
2. Settings
2.1 Environment
2.2 Clock Constraints
3. Detailed Reports
3.1 By Hierarchy

1. Summary
----------

+--------------------------+--------------+
| Total On-Chip Power (W)  | 22.567       |
| Design Power Budget (W)  | Unspecified* |
| Power Budget Margin (W)  | NA           |
| Dynamic (W)              | 22.071       |
| Device Static (W)        | 0.495        |
| Effective TJA (C/W)      | 1.8          |
| Max Ambient (C)          | 44.9         |
| Junction Temperature (C) | 65.1         |
| Confidence Level         | Low          |
| Setting File             | ---          |
| Simulation Activity File | ---          |
| Design Nets Matched      | NA           |
+--------------------------+--------------+
* Specify Design Power Budget using, set_operating_conditions -design_power_budget <value in Watts>


1.1 On-Chip Components
----------------------

+----------------+-----------+----------+-----------+-----------------+
| On-Chip        | Power (W) | Used     | Available | Utilization (%) |
+----------------+-----------+----------+-----------+-----------------+
| Slice Logic    |     0.244 |      166 |       --- |             --- |
|   LUT as Logic |     0.244 |      166 |    203800 |            0.08 |
| Signals        |     0.939 |      171 |       --- |             --- |
| I/O            |    20.888 |       30 |       500 |            6.00 |
| Static Power   |     0.495 |          |           |                 |
| Total          |    22.567 |          |           |                 |
+----------------+-----------+----------+-----------+-----------------+


1.2 Power Supply Summary
------------------------

+-----------+-------------+-----------+-------------+------------+-------------+-------------+------------+
| Source    | Voltage (V) | Total (A) | Dynamic (A) | Static (A) | Powerup (A) | Budget (A)  | Margin (A) |
+-----------+-------------+-----------+-------------+------------+-------------+-------------+------------+
| Vccint    |       1.000 |     1.556 |       1.187 |      0.369 |       NA    | Unspecified | NA         |
| Vccaux    |       1.800 |     0.809 |       0.765 |      0.044 |       NA    | Unspecified | NA         |
| Vcco33    |       3.300 |     5.912 |       5.911 |      0.001 |       NA    | Unspecified | NA         |
| Vcco25    |       2.500 |     0.000 |       0.000 |      0.000 |       NA    | Unspecified | NA         |
| Vcco18    |       1.800 |     0.000 |       0.000 |      0.000 |       NA    | Unspecified | NA         |
| Vcco15    |       1.500 |     0.000 |       0.000 |      0.000 |       NA    | Unspecified | NA         |
| Vcco135   |       1.350 |     0.000 |       0.000 |      0.000 |       NA    | Unspecified | NA         |
| Vcco12    |       1.200 |     0.000 |       0.000 |      0.000 |       NA    | Unspecified | NA         |
| Vccaux_io |       1.800 |     0.000 |       0.000 |      0.000 |       NA    | Unspecified | NA         |
| Vccbram   |       1.000 |     0.008 |       0.000 |      0.008 |       NA    | Unspecified | NA         |
| MGTAVcc   |       1.000 |     0.000 |       0.000 |      0.000 |       NA    | Unspecified | NA         |
| MGTAVtt   |       1.200 |     0.000 |       0.000 |      0.000 |       NA    | Unspecified | NA         |
| MGTVccaux |       1.800 |     0.000 |       0.000 |      0.000 |       NA    | Unspecified | NA         |
| Vccadc    |       1.800 |     0.020 |       0.000 |      0.020 |       NA    | Unspecified | NA         |
+-----------+-------------+-----------+-------------+------------+-------------+-------------+------------+


1.3 Confidence Level
--------------------

+-----------------------------+------------+--------------------------------------------------------+------------------------------------------------------------------------------------------------------------+
| User Input Data             | Confidence | Details                                                | Action                                                                                                     |
+-----------------------------+------------+--------------------------------------------------------+------------------------------------------------------------------------------------------------------------+
| Design implementation state | High       | Design is routed                                       |                                                                                                            |
| Clock nodes activity        | High       | User specified more than 95% of clocks                 |                                                                                                            |
| I/O nodes activity          | Low        | More than 75% of inputs are missing user specification | Provide missing input activity with simulation results or by editing the "By Resource Type -> I/Os" view   |
| Internal nodes activity     | Medium     | User specified less than 25% of internal nodes         | Provide missing internal nodes activity with simulation results or by editing the "By Resource Type" views |
| Device models               | High       | Device models are Production                           |                                                                                                            |
|                             |            |                                                        |                                                                                                            |
| Overall confidence level    | Low        |                                                        |                                                                                                            |
+-----------------------------+------------+--------------------------------------------------------+------------------------------------------------------------------------------------------------------------+


2. Settings
-----------

2.1 Environment
---------------

+-----------------------+--------------------------+
| Ambient Temp (C)      | 25.0                     |
| ThetaJA (C/W)         | 1.8                      |
| Airflow (LFM)         | 250                      |
| Heat Sink             | medium (Medium Profile)  |
| ThetaSA (C/W)         | 3.3                      |
| Board Selection       | medium (10"x10")         |
| # of Board Layers     | 12to15 (12 to 15 Layers) |
| Board Temperature (C) | 25.0                     |
+-----------------------+--------------------------+


2.2 Clock Constraints
---------------------

+-------+--------+-----------------+
| Clock | Domain | Constraint (ns) |
+-------+--------+-----------------+


3. Detailed Reports
-------------------

3.1 By Hierarchy
----------------

+---------------------------+-----------+
| Name                      | Power (W) |
+---------------------------+-----------+
| ringoscillator            |    22.071 |
|   not0                    |     0.002 |
|   not00                   |     0.002 |
|   not000                  |     0.002 |
|   not0000                 |     0.002 |
|   not00000                |     0.002 |
|   not000000               |     0.002 |
|   not0000000              |     0.002 |
|   not00000000             |     0.002 |
|   not000000000            |     0.002 |
|   not0000000000           |     0.002 |
|   not00000000000          |     0.002 |
|   not000000000000         |     0.002 |
|   not0000000000000        |     0.002 |
|   not00000000000000       |     0.002 |
|   not000000000000000      |     0.002 |
|   not0000000000000000     |     0.002 |
|   not00000000000000000    |     0.002 |
|   not000000000000000000   |     0.002 |
|   not0000000000000000000  |     0.002 |
|   not00000000000000000000 |     0.002 |
|   not00000000000000000001 |     0.002 |
|   not00000000000000000002 |     0.001 |
|   not00000000000000000003 |     0.003 |
|   not00000000000000000004 |     0.003 |
|   not00000000000000000005 |     0.001 |
|   not00000000000000000006 |     0.028 |
|   not0000000000000000001  |     0.002 |
|   not0000000000000000002  |     0.001 |
|   not0000000000000000003  |     0.003 |
|   not0000000000000000004  |     0.003 |
|   not0000000000000000005  |     0.001 |
|   not0000000000000000006  |     0.031 |
|   not000000000000000001   |     0.002 |
|   not000000000000000002   |     0.001 |
|   not000000000000000003   |     0.003 |
|   not000000000000000004   |     0.003 |
|   not000000000000000005   |     0.001 |
|   not000000000000000006   |     0.039 |
|   not00000000000000001    |     0.002 |
|   not00000000000000002    |     0.001 |
|   not00000000000000003    |     0.003 |
|   not00000000000000004    |     0.003 |
|   not00000000000000005    |     0.001 |
|   not00000000000000006    |     0.042 |
|   not0000000000000001     |     0.002 |
|   not0000000000000002     |     0.001 |
|   not0000000000000003     |     0.003 |
|   not0000000000000004     |     0.003 |
|   not0000000000000005     |     0.001 |
|   not0000000000000006     |     0.038 |
|   not000000000000001      |     0.002 |
|   not000000000000002      |     0.001 |
|   not000000000000003      |     0.003 |
|   not000000000000004      |     0.003 |
|   not000000000000005      |     0.001 |
|   not000000000000006      |     0.043 |
|   not00000000000001       |     0.002 |
|   not00000000000002       |     0.001 |
|   not00000000000003       |     0.003 |
|   not00000000000004       |     0.003 |
|   not00000000000005       |     0.001 |
|   not00000000000006       |     0.044 |
|   not0000000000001        |     0.002 |
|   not0000000000002        |     0.001 |
|   not0000000000003        |     0.003 |
|   not0000000000004        |     0.003 |
|   not0000000000005        |     0.001 |
|   not0000000000006        |     0.049 |
|   not000000000001         |     0.002 |
|   not000000000002         |     0.001 |
|   not000000000003         |     0.003 |
|   not000000000004         |     0.003 |
|   not000000000005         |     0.001 |
|   not000000000006         |     0.015 |
|   not00000000001          |     0.002 |
|   not00000000002          |     0.001 |
|   not00000000003          |     0.003 |
|   not00000000004          |     0.003 |
|   not00000000005          |     0.001 |
|   not00000000006          |     0.018 |
|   not0000000001           |     0.002 |
|   not0000000002           |     0.001 |
|   not0000000003           |     0.003 |
|   not0000000004           |     0.003 |
|   not0000000005           |     0.001 |
|   not0000000006           |     0.023 |
|   not000000001            |     0.002 |
|   not000000002            |     0.001 |
|   not000000003            |     0.003 |
|   not000000004            |     0.003 |
|   not000000005            |     0.001 |
|   not000000006            |     0.027 |
|   not00000001             |     0.002 |
|   not00000002             |     0.001 |
|   not00000003             |     0.003 |
|   not00000004             |     0.003 |
|   not00000005             |     0.001 |
|   not00000006             |     0.027 |
|   not0000001              |     0.002 |
|   not0000002              |     0.001 |
|   not0000003              |     0.003 |
|   not0000004              |     0.003 |
|   not0000005              |     0.001 |
|   not0000006              |     0.030 |
|   not000001               |     0.002 |
|   not000002               |     0.001 |
|   not000003               |     0.003 |
|   not000004               |     0.003 |
|   not000005               |     0.001 |
|   not000006               |     0.034 |
|   not00001                |     0.002 |
|   not00002                |     0.001 |
|   not00003                |     0.003 |
|   not00004                |     0.003 |
|   not00005                |     0.001 |
|   not00006                |     0.036 |
|   not0001                 |     0.001 |
|   not00010                |     0.003 |
|   not00011                |     0.002 |
|   not00012                |     0.002 |
|   not00013                |     0.001 |
|   not00014                |     0.035 |
|   not0002                 |     0.003 |
|   not0003                 |     0.003 |
|   not0004                 |     0.002 |
|   not0005                 |     0.001 |
|   not0006                 |     0.002 |
|   not0007                 |     0.001 |
|   not0008                 |     0.002 |
|   not0009                 |     0.001 |
|   not001                  |     0.002 |
|   not002                  |     0.003 |
|   not003                  |     0.001 |
|   not004                  |     0.038 |
|   not01                   |     0.001 |
|   not02                   |     0.054 |
|   not1                    |     0.001 |
|   not10                   |     0.023 |
|   not2                    |     0.003 |
|   not3                    |     0.003 |
|   not4                    |     0.002 |
|   not5                    |     0.001 |
|   not6                    |     0.002 |
|   not7                    |     0.001 |
|   not8                    |     0.002 |
|   not9                    |     0.001 |
+---------------------------+-----------+


